[INFO] Scanning for projects...
[INFO] 
[INFO] --------------------< com.ghostwriter:ghost-writer >--------------------
[INFO] Building Ghost Writer 1.0.0
[INFO]   from pom.xml
[INFO] --------------------------------[ jar ]---------------------------------
[INFO] 
[INFO] --- clean:3.3.2:clean (default-clean) @ ghost-writer ---
[INFO] Deleting E:\sem 4\FSAD\writer\target
[INFO] 
[INFO] --- resources:3.3.1:resources (default-resources) @ ghost-writer ---
[INFO] Copying 1 resource from src\main\resources to target\classes
[INFO] Copying 11 resources from src\main\resources to target\classes
[INFO] 
[INFO] --- compiler:3.11.0:compile (default-compile) @ ghost-writer ---
[INFO] Changes detected - recompiling the module! :source
[INFO] Compiling 19 source files with javac [debug release 17] to target\classes
[INFO] 
[INFO] --- resources:3.3.1:testResources (default-testResources) @ ghost-writer ---
[INFO] skip non existing resourceDirectory E:\sem 4\FSAD\writer\src\test\resources
[INFO] 
[INFO] --- compiler:3.11.0:testCompile (default-testCompile) @ ghost-writer ---
[INFO] No sources to compile
[INFO] 
[INFO] --- surefire:3.1.2:test (default-test) @ ghost-writer ---
[INFO] Tests are skipped.
[INFO] 
[INFO] --- jar:3.3.0:jar (default-jar) @ ghost-writer ---
[INFO] Building jar: E:\sem 4\FSAD\writer\target\ghost-writer-1.0.0.jar
[INFO] 
[INFO] --- spring-boot:3.2.3:repackage (repackage) @ ghost-writer ---
[INFO] Replacing main artifact E:\sem 4\FSAD\writer\target\ghost-writer-1.0.0.jar with repackaged archive, adding nested dependencies in BOOT-INF/.
[INFO] The original artifact has been renamed to E:\sem 4\FSAD\writer\target\ghost-writer-1.0.0.jar.original
[INFO] ------------------------------------------------------------------------
[INFO] BUILD SUCCESS
[INFO] ------------------------------------------------------------------------
[INFO] Total time:  4.145 s
[INFO] Finished at: 2026-03-05T20:48:26+05:30
[INFO] ------------------------------------------------------------------------
